
> ciunac-backend@0.9.2 test
> jest perfil_docente

node.exe : PASS src/modules/seguimiento_
docente/perfil_docente_resultados/perfil
_docente_resultados.service.spec.ts
En línea: 1 Carácter: 1
+ & "C:\Program Files\nodejs/node.exe" 
"C:\Users\Luis Miguel\AppData\Ro ...
+ ~~~~~~~~~~~~~~~~~~~~~~~~~~~~~~~~~~~~~~
~~~~~~~~~~~~~~~~~~~~~~~~~~~~~~~
    + CategoryInfo          : NotSpecif 
   ied: (PASS src/module...service.spe  
  c.ts:String) [], RemoteException
    + FullyQualifiedErrorId : NativeCom 
   mandError
 
FAIL src/modules/seguimiento_docente/per
fil_docente/perfil_docente.service.spec.
ts
  ÔùÅ PerfilDocenteService ÔÇ║ findOne 
ÔÇ║ should return a single perfil 
docente

    expect(jest.fn()).toHaveBeenCalledWi
th(...expected)

    - Expected
    + Received

      Object {
    +   "relations": Array [
    +     "docente",
    +     "idioma",
    +   ],
        "where": Object {
          "id": 
"c5d6-e7f8-g9h0-i1j2-k3l4m5n6o7p8",
        },
      },

    Number of calls: 1

    [0m [90m 76 |[39m
     [90m 77 |[39m       
[36mconst[39m result [33m=[39m 
[36mawait[39m service[33m.[39mfindOn
e([32m'c5d6-e7f8-g9h0-i1j2-k3l4m5n6o7p8
'[39m)[33m;[39m
    [31m[1m>[22m[39m[90m 78 |[39m 
      expect(mockPerfilDocenteRepository
[33m.[39mfindOne)[33m.[39mtoHaveBeen
CalledWith({ where[33m:[39m { 
id[33m:[39m [32m'c5d6-e7f8-g9h0-i1j2-
k3l4m5n6o7p8'[39m } })[33m;[39m
     [90m    |[39m                    
                               
[31m[1m^[22m[39m
     [90m 79 |[39m       expect(result
)[33m.[39mtoEqual(expectedResult)[33m
;[39m
     [90m 80 |[39m     })[33m;[39m
     [90m 81 |[39m[0m

      at Object.<anonymous> (modules/seg
uimiento_docente/perfil_docente/perfil_d
ocente.service.spec.ts:78:51)

  ÔùÅ PerfilDocenteService ÔÇ║ remove 
ÔÇ║ should remove a perfil docente

    expect(jest.fn()).toHaveBeenCalledWi
th(...expected)

    Expected: {"where": {"id": 
"c5d6-e7f8-g9h0-i1j2-k3l4m5n6o7p8"}}
    Received
           1
              Object {
            +   "relations": Array [
            +     "docente",
            +     "idioma",
            +   ],
                "where": Object {
                  "id": 
"c5d6-e7f8-g9h0-i1j2-k3l4m5n6o7p8",
                },
              },
           2
              Object {
            +   "relations": Array [
            +     "docente",
            +     "idioma",
            +   ],
                "where": Object {
                  "id": 
"c5d6-e7f8-g9h0-i1j2-k3l4m5n6o7p8",
                },
              },
           3
              Object {
            +   "relations": Array [
            +     "docente",
            +     "idioma",
            +   ],
                "where": Object {
                  "id": 
"c5d6-e7f8-g9h0-i1j2-k3l4m5n6o7p8",
                },
              },

    Number of calls: 3

    [0m [90m 113 |[39m
     [90m 114 |[39m       
[36mawait[39m service[33m.[39mremove
([32m'c5d6-e7f8-g9h0-i1j2-k3l4m5n6o7p8'
[39m)[33m;[39m
    [31m[1m>[22m[39m[90m 115 
|[39m       expect(mockPerfilDocenteRep
ository[33m.[39mfindOne)[33m.[39mtoH
aveBeenCalledWith({ where[33m:[39m { 
id[33m:[39m [32m'c5d6-e7f8-g9h0-i1j2-
k3l4m5n6o7p8'[39m } })[33m;[39m
     [90m     |[39m                   
                                
[31m[1m^[22m[39m
     [90m 116 |[39m       expect(mockP
erfilDocenteRepository[33m.[39mremove)
[33m.[39mtoHaveBeenCalledWith(perfilTo
Remove)[33m;[39m
     [90m 117 |[39m     })[33m;[39m
     [90m 118 |[39m[0m

      at Object.<anonymous> (modules/seg
uimiento_docente/perfil_docente/perfil_d
ocente.service.spec.ts:115:51)

PASS src/modules/seguimiento_docente/per
fil_docente/perfil_docente.controller.sp
ec.ts
PASS src/modules/seguimiento_docente/per
fil_docente_resultados/perfil_docente_re
sultados.controller.spec.ts

Test Suites: 1 failed, 3 passed, 4 total
Tests:       2 failed, 10 passed, 12 
total
Snapshots:   0 total
Time:        2.163 s
Ran all test suites matching 
perfil_docente.
